[2025-06-29 16:58:07] Операция: Обновление баланса клиента в таблице users
id Клиента: 122, Баланс_новый: 1000, старый баланс: -1000
[2025-06-29 16:58:11] Операция: Обновление баланса клиента в таблице users
id Клиента: 122, Баланс_новый: 0, старый баланс: 1000
[2025-06-29 17:30:21] Операция: Обновление баланса клиента в таблице users
id Клиента: 2147483647, Баланс_новый: 1000, старый баланс: -400
[2025-06-29 17:30:25] Операция: Обновление баланса клиента в таблице users
id Клиента: 2147483647, Баланс_новый: 0, старый баланс: 1000
[2025-06-30 17:50:19] Операция: Обновление баланса клиента в таблице users
id Клиента: 6978118, Баланс_новый: -90493, старый баланс: 1838
[2025-06-30 17:50:24] Операция: Обновление баланса клиента в таблице users
id Клиента: 6978118, Баланс_новый: -92331, старый баланс: 1838
[2025-07-01 10:28:35] Операция: Обновление баланса клиента в таблице users
id Клиента: 6966313, Баланс_новый: 9562, старый баланс: -510
[2025-07-01 11:09:13] Операция: Обновление баланса клиента в таблице users
id Клиента: 209, Баланс_новый: 15400, старый баланс: 15400
[2025-07-02 12:32:30] Операция: Обновление баланса клиента в таблице users
id Клиента: 6091617, Баланс_новый: -40339, старый баланс: -20219
[2025-07-02 12:32:36] Операция: Обновление баланса клиента в таблице users
id Клиента: 6091617, Баланс_новый: -20120, старый баланс: -20219
[2025-07-05 11:30:34] Операция: Обновление баланса клиента в таблице users
id Клиента: 156540966, Баланс_новый: 700, старый баланс: 690
[2025-07-07 14:28:59] Операция: Обновление баланса клиента в таблице users
id Клиента: 14, Баланс_новый: 11000, старый баланс: 40000
[2025-07-07 14:29:16] Операция: Обновление баланса клиента в таблице users
id Клиента: 156506872, Баланс_новый: 3050, старый баланс: 3050
[2025-07-07 15:18:08] Операция: Обновление баланса клиента в таблице users
id Клиента: 8, Баланс_новый: 1081780, старый баланс: 955
[2025-07-07 16:23:46] Операция: Обновление баланса клиента в таблице users
id Клиента: 5677600, Баланс_новый: 739, старый баланс: -3082
[2025-07-08 09:06:37] Операция: Обновление баланса клиента в таблице users
id Клиента: 6807925, Баланс_новый: -26724, старый баланс: 14000
[2025-07-08 13:14:54] Операция: Обновление баланса клиента в таблице users
id Клиента: 6073370, Баланс_новый: -42913, старый баланс: 3900
[2025-07-08 14:58:01] Операция: Обновление баланса клиента в таблице users
id Клиента: 157015220, Баланс_новый: 0, старый баланс: -1545
[2025-07-09 10:07:29] Операция: Обновление баланса клиента в таблице users
id Клиента: 11, Баланс_новый: 8867200, старый баланс: 181350
[2025-07-09 17:14:24] Операция: Обновление баланса клиента в таблице users
id Клиента: 8782303, Баланс_новый: -7630, старый баланс: -7641
[2025-07-09 18:26:15] Операция: Обновление баланса клиента в таблице users
id Клиента: 156532241, Баланс_новый: 100, старый баланс: 1800
[2025-07-10 14:24:48] Операция: Обновление баланса клиента в таблице users
id Клиента: 7841615, Баланс_новый: 6496, старый баланс: -2464
[2025-07-10 18:28:27] Операция: Обновление баланса клиента в таблице users
id Клиента: 156537852, Баланс_новый: -111904, старый баланс: -1000
[2025-07-11 12:33:25] Операция: Обновление баланса клиента в таблице users
id Клиента: 6055627, Баланс_новый: -2639, старый баланс: -16632
[2025-07-11 14:13:42] Операция: Обновление баланса клиента в таблице users
id Клиента: 7522611, Баланс_новый: -8516, старый баланс: -5878
[2025-07-11 17:47:25] Операция: Обновление баланса клиента в таблице users
id Клиента: 7191929, Баланс_новый: -90869, старый баланс: -2050
[2025-07-12 12:04:40] Операция: Обновление баланса клиента в таблице users
id Клиента: 156512735, Баланс_новый: 7400, старый баланс: 4240
[2025-07-12 13:37:26] Операция: Обновление баланса клиента в таблице users
id Клиента: 6155771, Баланс_новый: -6413, старый баланс: -6500
[2025-07-14 09:38:41] Операция: Обновление баланса клиента в таблице users
id Клиента: 156982442, Баланс_новый: -5270, старый баланс: -5270
[2025-07-14 09:38:45] Операция: Обновление баланса клиента в таблице users
id Клиента: 156982442, Баланс_новый: 0, старый баланс: -5270
[2025-07-14 12:00:10] Операция: Обновление баланса клиента в таблице users
id Клиента: 6304189, Баланс_новый: -8254, старый баланс: -9994
[2025-07-14 12:02:50] Операция: Обновление баланса клиента в таблице users
id Клиента: 6073370, Баланс_новый: -36798, старый баланс: -7742
[2025-07-14 12:02:56] Операция: Обновление баланса клиента в таблице users
id Клиента: 6073370, Баланс_новый: -29056, старый баланс: -7742
[2025-07-14 12:03:03] Операция: Обновление баланса клиента в таблице users
id Клиента: 6073370, Баланс_новый: -21314, старый баланс: -7742
[2025-07-14 12:19:27] Операция: Обновление баланса клиента в таблице users
id Клиента: 7399480, Баланс_новый: -5705, старый баланс: -5491
[2025-07-14 12:20:20] Операция: Обновление баланса клиента в таблице users
id Клиента: 6906926, Баланс_новый: -3745, старый баланс: -2705
[2025-07-14 12:27:56] Операция: Обновление баланса клиента в таблице users
id Клиента: 6906926, Баланс_новый: -3003, старый баланс: -4590
[2025-07-14 12:37:22] Операция: Обновление баланса клиента в таблице users
id Клиента: 6490215, Баланс_новый: 505, старый баланс: -18553
[2025-07-14 16:14:05] Операция: Обновление баланса клиента в таблице users
id Клиента: 6098301, Баланс_новый: -20252, старый баланс: 988
[2025-07-14 16:41:45] Операция: Обновление баланса клиента в таблице users
id Клиента: 6906926, Баланс_новый: -3003, старый баланс: -2911
[2025-07-14 17:04:26] Операция: Обновление баланса клиента в таблице users
id Клиента: 155126210, Баланс_новый: -38073, старый баланс: 5000
[2025-07-15 09:57:31] Операция: Обновление баланса клиента в таблице users
id Клиента: 14, Баланс_новый: 11000, старый баланс: 4830
[2025-07-15 13:22:35] Операция: Обновление баланса клиента в таблице users
id Клиента: 157394130, Баланс_новый: 1950, старый баланс: -350
[2025-07-16 09:20:22] Операция: Обновление баланса клиента в таблице users
id Клиента: 6978118, Баланс_новый: -47386, старый баланс: -33815
[2025-07-16 10:38:40] Операция: Обновление баланса клиента в таблице users
id Клиента: 156536392, Баланс_новый: 0, старый баланс: -2479
[2025-07-16 10:46:24] Операция: Обновление баланса клиента в таблице users
id Клиента: 692948, Баланс_новый: 12438, старый баланс: 5000
[2025-07-16 10:51:23] Операция: Обновление баланса клиента в таблице users
id Клиента: 209, Баланс_новый: 4507, старый баланс: -10893
[2025-07-16 10:51:23] Операция: Обновление баланса клиента в таблице users
id Клиента: 6780535, Баланс_новый: -24046, старый баланс: 25500
[2025-07-16 14:00:36] Операция: Обновление баланса клиента в таблице users
id Клиента: 156702076, Баланс_новый: -44, старый баланс: 7800
[2025-07-17 12:43:57] Операция: Обновление баланса клиента в таблице users
id Клиента: 156665468, Баланс_новый: 0, старый баланс: 5140
[2025-07-18 09:38:15] Операция: Обновление баланса клиента в таблице users
id Клиента: 9965085, Баланс_новый: -56913, старый баланс: -24351
[2025-07-18 15:12:01] Операция: Обновление баланса клиента в таблице users
id Клиента: 156525343, Баланс_новый: 3430, старый баланс: -2770
[2025-07-18 15:12:12] Операция: Обновление баланса клиента в таблице users
id Клиента: 156525343, Баланс_новый: 5600, старый баланс: -2170
[2025-07-19 11:14:05] Операция: Обновление баланса клиента в таблице users
id Клиента: 235185, Баланс_новый: 0, старый баланс: 6500
[2025-07-19 12:22:43] Операция: Обновление баланса клиента в таблице users
id Клиента: 235185, Баланс_новый: 0, старый баланс: 6500
[2025-07-19 15:00:45] Операция: Обновление баланса клиента в таблице users
id Клиента: 156944208, Баланс_новый: 4038, старый баланс: -4295
[2025-07-21 09:30:41] Операция: Обновление баланса клиента в таблице users
id Клиента: 156877634, Баланс_новый: -500, старый баланс: -1850
[2025-07-21 09:30:46] Операция: Обновление баланса клиента в таблице users
id Клиента: 156877634, Баланс_новый: 1350, старый баланс: -1850
[2025-07-21 16:06:16] Операция: Обновление баланса клиента в таблице users
id Клиента: 3310349, Баланс_новый: 0, старый баланс: 2044
[2025-07-21 17:45:21] Операция: Обновление баланса клиента в таблице users
id Клиента: 6009132, Баланс_новый: -25184, старый баланс: -115147
[2025-07-22 15:59:57] Операция: Обновление баланса клиента в таблице users
id Клиента: 7101868, Баланс_новый: 544, старый баланс: -12015
[2025-07-22 16:04:50] Операция: Обновление баланса клиента в таблице users
id Клиента: 6300325, Баланс_новый: 705, старый баланс: 13000
[2025-07-22 16:39:46] Операция: Обновление баланса клиента в таблице users
id Клиента: 157316412, Баланс_новый: 0, старый баланс: 1270
[2025-07-23 17:00:50] Операция: Обновление баланса клиента в таблице users
id Клиента: 9773924, Баланс_новый: 11, старый баланс: -21540
[2025-07-24 09:30:42] Операция: Обновление баланса клиента в таблице users
id Клиента: 6807943, Баланс_новый: -4260, старый баланс: -8138
[2025-07-24 10:25:17] Операция: Обновление баланса клиента в таблице users
id Клиента: 156907535, Баланс_новый: 87400, старый баланс: -22400
[2025-07-24 11:18:51] Операция: Обновление баланса клиента в таблице users
id Клиента: 11, Баланс_новый: 2933300, старый баланс: 0
[2025-07-24 13:07:19] Операция: Обновление баланса клиента в таблице users
id Клиента: 7716553, Баланс_новый: 10345, старый баланс: -66272
[2025-07-24 15:57:18] Операция: Обновление баланса клиента в таблице users
id Клиента: 156607972, Баланс_новый: -180288, старый баланс: -16375
[2025-07-24 15:57:23] Операция: Обновление баланса клиента в таблице users
id Клиента: 156607972, Баланс_новый: -163913, старый баланс: -16375
[2025-07-24 15:57:28] Операция: Обновление баланса клиента в таблице users
id Клиента: 156607972, Баланс_новый: -147538, старый баланс: -16375
[2025-07-24 15:57:31] Операция: Обновление баланса клиента в таблице users
id Клиента: 156607972, Баланс_новый: -131163, старый баланс: -16375
[2025-07-24 15:57:35] Операция: Обновление баланса клиента в таблице users
id Клиента: 156607972, Баланс_новый: -114788, старый баланс: -16375
[2025-07-24 15:57:38] Операция: Обновление баланса клиента в таблице users
id Клиента: 156607972, Баланс_новый: -98413, старый баланс: -16375
[2025-07-24 15:57:42] Операция: Обновление баланса клиента в таблице users
id Клиента: 156607972, Баланс_новый: -98413, старый баланс: -16375
[2025-07-24 15:57:45] Операция: Обновление баланса клиента в таблице users
id Клиента: 156607972, Баланс_новый: -82038, старый баланс: -16375
[2025-07-24 15:57:50] Операция: Обновление баланса клиента в таблице users
id Клиента: 156607972, Баланс_новый: -65663, старый баланс: -16375
[2025-07-24 15:57:54] Операция: Обновление баланса клиента в таблице users
id Клиента: 156607972, Баланс_новый: -49288, старый баланс: -16375
[2025-07-24 15:58:11] Операция: Обновление баланса клиента в таблице users
id Клиента: 156607972, Баланс_новый: -32913, старый баланс: -16375
[2025-07-24 15:58:11] Операция: Обновление баланса клиента в таблице users
id Клиента: 156607972, Баланс_новый: -16538, старый баланс: -16375
[2025-07-24 15:58:18] Операция: Обновление баланса клиента в таблице users
id Клиента: 156607972, Баланс_новый: -16538, старый баланс: -16375
[2025-07-25 09:49:36] Операция: Обновление баланса клиента в таблице users
id Клиента: 6483392, Баланс_новый: -10286, старый баланс: -4077
[2025-07-25 11:12:43] Операция: Обновление баланса клиента в таблице users
id Клиента: 222, Баланс_новый: -17332, старый баланс: 6090
[2025-07-25 11:22:28] Операция: Обновление баланса клиента в таблице users
id Клиента: 6074610, Баланс_новый: -72426, старый баланс: -2653
[2025-07-25 12:30:02] Операция: Обновление баланса клиента в таблице users
id Клиента: 9405759, Баланс_новый: -26993, старый баланс: 700
[2025-07-25 14:03:49] Операция: Обновление баланса клиента в таблице users
id Клиента: 155910480, Баланс_новый: -2970, старый баланс: 6000
[2025-07-25 14:04:01] Операция: Обновление баланса клиента в таблице users
id Клиента: 9072648, Баланс_новый: -41433, старый баланс: 6000
[2025-07-25 14:04:09] Операция: Обновление баланса клиента в таблице users
id Клиента: 6596132, Баланс_новый: -78782, старый баланс: 13000
[2025-07-25 14:04:21] Операция: Обновление баланса клиента в таблице users
id Клиента: 9405759, Баланс_новый: -27931, старый баланс: 700
[2025-07-25 14:04:24] Операция: Обновление баланса клиента в таблице users
id Клиента: 7151211, Баланс_новый: -19679, старый баланс: 2000
[2025-07-25 14:04:32] Операция: Обновление баланса клиента в таблице users
id Клиента: 6250433, Баланс_новый: -49414, старый баланс: 15000
[2025-07-26 10:53:44] Операция: Обновление баланса клиента в таблице users
id Клиента: 156447144, Баланс_новый: 5960, старый баланс: -260
[2025-07-26 10:53:51] Операция: Обновление баланса клиента в таблице users
id Клиента: 156447144, Баланс_новый: 6130, старый баланс: -170
[2025-07-28 09:02:58] Операция: Обновление баланса клиента в таблице users
id Клиента: 6807925, Баланс_новый: -58774, старый баланс: 43500
[2025-07-28 09:05:14] Операция: Обновление баланса клиента в таблице users
id Клиента: 6204024, Баланс_новый: 10, старый баланс: 3100
[2025-07-29 09:30:04] Операция: Обновление баланса клиента в таблице users
id Клиента: 157425837, Баланс_новый: 708, старый баланс: -2475
[2025-07-29 14:53:09] Операция: Обновление баланса клиента в таблице users
id Клиента: 155181309, Баланс_новый: -49963, старый баланс: 15000
[2025-07-29 15:35:53] Операция: Обновление баланса клиента в таблице users
id Клиента: 7080722, Баланс_новый: 54, старый баланс: -8855
[2025-07-30 11:08:15] Операция: Обновление баланса клиента в таблице users
id Клиента: 7248422, Баланс_новый: -144757, старый баланс: 536
[2025-07-30 13:17:59] Операция: Обновление баланса клиента в таблице users
id Клиента: 7717397, Баланс_новый: -28108, старый баланс: 2200
[2025-07-30 18:33:57] Операция: Обновление баланса клиента в таблице users
id Клиента: 155043756, Баланс_новый: 34, старый баланс: -4432
[2025-08-02 13:01:22] Операция: Обновление баланса клиента в таблице users
id Клиента: 8818204, Баланс_новый: -53017, старый баланс: -12201
[2025-08-02 13:10:37] Операция: Обновление баланса клиента в таблице users
id Клиента: 6906926, Баланс_новый: 49, старый баланс: -2979
[2025-08-02 14:15:25] Операция: Обновление баланса клиента в таблице users
id Клиента: 8782332, Баланс_новый: -6062, старый баланс: -27600
[2025-08-02 14:37:17] Операция: Обновление баланса клиента в таблице users
id Клиента: 10, Баланс_новый: -103484080, старый баланс: 200000
[2025-08-04 09:20:52] Операция: Обновление баланса клиента в таблице users
id Клиента: 156877634, Баланс_новый: -10373, старый баланс: -11440
[2025-08-04 09:37:35] Операция: Обновление баланса клиента в таблице users
id Клиента: 9845065, Баланс_новый: -1115, старый баланс: -1245
[2025-08-05 11:23:02] Операция: Обновление баланса клиента в таблице users
id Клиента: 157127711, Баланс_новый: 0, старый баланс: 2600
[2025-08-05 18:18:08] Операция: Обновление баланса клиента в таблице users
id Клиента: 7041141, Баланс_новый: -316738, старый баланс: 800
[2025-08-06 10:49:28] Операция: Обновление баланса клиента в таблице users
id Клиента: 7189668, Баланс_новый: 310, старый баланс: 4000
[2025-08-06 18:33:15] Операция: Обновление баланса клиента в таблице users
id Клиента: 157472044, Баланс_новый: 0, старый баланс: 2900
[2025-08-07 11:21:22] Операция: Обновление баланса клиента в таблице users
id Клиента: 11, Баланс_новый: 2272150, старый баланс: 759600
[2025-08-07 12:57:13] Операция: Обновление баланса клиента в таблице users
id Клиента: 7080722, Баланс_новый: -5645, старый баланс: -5686
[2025-08-07 16:01:06] Операция: Обновление баланса клиента в таблице users
id Клиента: 156537852, Баланс_новый: -118407, старый баланс: -350
[2025-08-07 18:28:48] Операция: Обновление баланса клиента в таблице users
id Клиента: 156517947, Баланс_новый: 0, старый баланс: 1400
[2025-08-08 12:37:09] Операция: Обновление баланса клиента в таблице users
id Клиента: 6194542, Баланс_новый: 9731, старый баланс: -7043
[2025-08-09 10:19:23] Операция: Обновление баланса клиента в таблице users
id Клиента: 7284445, Баланс_новый: -4037, старый баланс: -11082
[2025-08-09 14:52:46] Операция: Обновление баланса клиента в таблице users
id Клиента: 155043756, Баланс_новый: 117, старый баланс: -1301
[2025-08-11 13:51:31] Операция: Обновление баланса клиента в таблице users
id Клиента: 4, Баланс_новый: -400000, старый баланс: -50000
[2025-08-11 14:35:06] Операция: Обновление баланса клиента в таблице users
id Клиента: 13, Баланс_новый: 1087000, старый баланс: 400000
[2025-08-12 15:03:59] Операция: Обновление баланса клиента в таблице users
id Клиента: 6807925, Баланс_новый: -9755, старый баланс: 31000
[2025-08-13 09:41:19] Операция: Обновление баланса клиента в таблице users
id Клиента: 155294246, Баланс_новый: 0, старый баланс: 1222
[2025-08-13 14:58:54] Операция: Обновление баланса клиента в таблице users
id Клиента: 157136838, Баланс_новый: 156, старый баланс: 1600
[2025-08-13 16:29:43] Операция: Обновление баланса клиента в таблице users
id Клиента: 6298008, Баланс_новый: -301, старый баланс: 2000
[2025-08-13 17:04:33] Операция: Обновление баланса клиента в таблице users
id Клиента: 2112777, Баланс_новый: -36430, старый баланс: -20132
[2025-08-14 12:01:54] Операция: Обновление баланса клиента в таблице users
id Клиента: 8835718, Баланс_новый: 49, старый баланс: 6532
[2025-08-14 16:02:13] Операция: Обновление баланса клиента в таблице users
id Клиента: 157404324, Баланс_новый: -700, старый баланс: 700
[2025-08-14 16:04:29] Операция: Обновление баланса клиента в таблице users
id Клиента: 157404324, Баланс_новый: -700, старый баланс: 700
[2025-08-14 16:04:33] Операция: Обновление баланса клиента в таблице users
id Клиента: 156806491, Баланс_новый: 0, старый баланс: 1550
[2025-08-14 16:04:41] Операция: Обновление баланса клиента в таблице users
id Клиента: 157404324, Баланс_новый: 0, старый баланс: -700
[2025-08-14 17:16:51] Операция: Обновление баланса клиента в таблице users
id Клиента: 157450762, Баланс_новый: -3740, старый баланс: 3900
[2025-08-15 11:18:16] Операция: Обновление баланса клиента в таблице users
id Клиента: 157434613, Баланс_новый: 3000, старый баланс: 3000
[2025-08-15 16:10:40] Операция: Обновление баланса клиента в таблице users
id Клиента: 224, Баланс_новый: -108898, старый баланс: 15000
[2025-08-15 16:32:22] Операция: Обновление баланса клиента в таблице users
id Клиента: 1111112, Баланс_новый: -15308, старый баланс: -202
[2025-08-18 14:32:19] Операция: Обновление баланса клиента в таблице users
id Клиента: 155951434, Баланс_новый: 0, старый баланс: -980
[2025-08-19 17:35:06] Операция: Обновление баланса клиента в таблице users
id Клиента: 156567917, Баланс_новый: 0, старый баланс: 600
[2025-08-20 14:29:21] Операция: Обновление баланса клиента в таблице users
id Клиента: 156636183, Баланс_новый: 620, старый баланс: 620
[2025-08-20 17:03:39] Операция: Обновление баланса клиента в таблице users
id Клиента: 299601, Баланс_новый: -52481, старый баланс: 3878
[2025-08-23 12:13:19] Операция: Обновление баланса клиента в таблице users
id Клиента: 10, Баланс_новый: -114402280, старый баланс: -330000
[2025-08-23 12:17:38] Операция: Обновление баланса клиента в таблице users
id Клиента: 9728089, Баланс_новый: 3, старый баланс: -415
[2025-08-26 09:04:42] Операция: Обновление баланса клиента в таблице users
id Клиента: 156661433, Баланс_новый: 18900, старый баланс: -18080
[2025-08-26 09:13:02] Операция: Обновление баланса клиента в таблице users
id Клиента: 157514167, Баланс_новый: -22600, старый баланс: -22600
[2025-08-26 09:13:05] Операция: Обновление баланса клиента в таблице users
id Клиента: 157514167, Баланс_новый: 0, старый баланс: -22600
[2025-08-26 10:00:19] Операция: Обновление баланса клиента в таблице users
id Клиента: 156690188, Баланс_новый: 6000, старый баланс: 6000
[2025-08-26 13:12:58] Операция: Обновление баланса клиента в таблице users
id Клиента: 7816147, Баланс_новый: -36835, старый баланс: 1832
[2025-08-26 15:18:35] Операция: Обновление баланса клиента в таблице users
id Клиента: 8325628, Баланс_новый: -45131, старый баланс: 658
[2025-08-27 17:37:48] Операция: Обновление баланса клиента в таблице users
id Клиента: 5677865, Баланс_новый: 1986, старый баланс: -26353
[2025-08-29 15:47:42] Операция: Обновление баланса клиента в таблице users
id Клиента: 157422298, Баланс_новый: -10645, старый баланс: 40000
[2025-08-30 12:26:10] Операция: Обновление баланса клиента в таблице users
id Клиента: 6978118, Баланс_новый: -57226, старый баланс: -33604
[2025-09-01 13:35:37] Операция: Обновление баланса клиента в таблице users
id Клиента: 7727384, Баланс_новый: -8217, старый баланс: 10000
[2025-09-01 15:53:01] Операция: Обновление баланса клиента в таблице users
id Клиента: 7841615, Баланс_новый: -5429, старый баланс: -7721
[2025-09-02 09:16:15] Операция: Обновление баланса клиента в таблице users
id Клиента: 6767245, Баланс_новый: 263, старый баланс: -9476
[2025-09-02 12:01:46] Операция: Обновление баланса клиента в таблице users
id Клиента: 155181309, Баланс_новый: -37214, старый баланс: -16231
[2025-09-03 16:35:15] Операция: Обновление баланса клиента в таблице users
id Клиента: 157605711, Баланс_новый: 1100, старый баланс: 1100
[2025-09-03 16:49:10] Операция: Обновление баланса клиента в таблице users
id Клиента: 6982324, Баланс_новый: -379, старый баланс: -1794
[2025-09-04 12:11:16] Операция: Обновление баланса клиента в таблице users
id Клиента: 6093992, Баланс_новый: -315992, старый баланс: -304
[2025-09-05 09:06:17] Операция: Обновление баланса клиента в таблице users
id Клиента: 8814985, Баланс_новый: 6, старый баланс: 1000
[2025-09-05 11:23:36] Операция: Обновление баланса клиента в таблице users
id Клиента: 6807943, Баланс_новый: -336, старый баланс: 9500
[2025-09-05 11:31:29] Операция: Обновление баланса клиента в таблице users
id Клиента: 7284751, Баланс_новый: 164, старый баланс: -8300
[2025-09-05 11:44:51] Операция: Обновление баланса клиента в таблице users
id Клиента: 156588709, Баланс_новый: 3000, старый баланс: 3000
[2025-09-05 12:12:29] Операция: Обновление баланса клиента в таблице users
id Клиента: 6093992, Баланс_новый: -261593, старый баланс: -23353
[2025-09-05 12:12:32] Операция: Обновление баланса клиента в таблице users
id Клиента: 6093992, Баланс_новый: -238240, старый баланс: -23353
[2025-09-05 13:41:33] Операция: Обновление баланса клиента в таблице users
id Клиента: 157594130, Баланс_новый: 3990, старый баланс: 3990
[2025-09-05 14:13:45] Операция: Обновление баланса клиента в таблице users
id Клиента: 9538982, Баланс_новый: -5264, старый баланс: -7710
[2025-09-05 17:08:17] Операция: Обновление баланса клиента в таблице users
id Клиента: 8, Баланс_новый: 1502093, старый баланс: 856
[2025-09-06 13:51:05] Операция: Обновление баланса клиента в таблице users
id Клиента: 156981995, Баланс_новый: 10920, старый баланс: 10920
[2025-09-08 17:18:04] Операция: Обновление баланса клиента в таблице users
id Клиента: 8782303, Баланс_новый: 405, старый баланс: -28707
[2025-09-08 18:14:13] Операция: Обновление баланса клиента в таблице users
id Клиента: 156513011, Баланс_новый: 17450, старый баланс: -3150
[2025-09-09 09:45:56] Операция: Обновление баланса клиента в таблице users
id Клиента: 156537852, Баланс_новый: -134127, старый баланс: -150
[2025-09-09 15:04:58] Операция: Обновление баланса клиента в таблице users
id Клиента: 6109213, Баланс_новый: -11006, старый баланс: 12500
[2025-09-09 15:38:36] Операция: Обновление баланса клиента в таблице users
id Клиента: 156487750, Баланс_новый: 1750, старый баланс: 7100
[2025-09-10 14:32:07] Операция: Обновление баланса клиента в таблице users
id Клиента: 156531842, Баланс_новый: 7086, старый баланс: -7086
[2025-09-10 14:32:13] Операция: Обновление баланса клиента в таблице users
id Клиента: 156531842, Баланс_новый: 0, старый баланс: 7086
[2025-09-11 13:06:03] Операция: Обновление баланса клиента в таблице users
id Клиента: 482091, Баланс_новый: -385, старый баланс: -26739
[2025-09-12 09:23:13] Операция: Обновление баланса клиента в таблице users
id Клиента: 156855832, Баланс_новый: 87030, старый баланс: -8600
[2025-09-12 13:30:45] Операция: Обновление баланса клиента в таблице users
id Клиента: 7716553, Баланс_новый: -67258, старый баланс: -9517
[2025-09-12 15:06:39] Операция: Обновление баланса клиента в таблице users
id Клиента: 156528256, Баланс_новый: 400, старый баланс: 400
[2025-09-12 18:13:17] Операция: Обновление баланса клиента в таблице users
id Клиента: 156668972, Баланс_новый: 0, старый баланс: 3200
[2025-09-12 18:25:38] Операция: Обновление баланса клиента в таблице users
id Клиента: 869604, Баланс_новый: 2300, старый баланс: 63468
[2025-09-12 18:38:35] Операция: Обновление баланса клиента в таблице users
id Клиента: 155615874, Баланс_новый: 537, старый баланс: 10000
[2025-09-15 13:03:04] Операция: Обновление баланса клиента в таблице users
id Клиента: 7841615, Баланс_новый: 9, старый баланс: 1000
[2025-09-15 15:45:07] Операция: Обновление баланса клиента в таблице users
id Клиента: 9773924, Баланс_новый: 80, старый баланс: 100000
[2025-09-16 10:07:59] Операция: Обновление баланса клиента в таблице users
id Клиента: 4, Баланс_новый: -600000, старый баланс: -81626
[2025-09-16 10:08:25] Операция: Обновление баланса клиента в таблице users
id Клиента: 4, Баланс_новый: -518374, старый баланс: -81626
[2025-09-16 10:09:16] Операция: Обновление баланса клиента в таблице users
id Клиента: 4, Баланс_новый: -600000, старый баланс: 0
[2025-09-16 18:34:41] Операция: Обновление баланса клиента в таблице users
id Клиента: 7080722, Баланс_новый: -1, старый баланс: 5600
[2025-09-16 18:47:15] Операция: Обновление баланса клиента в таблице users
id Клиента: 157422298, Баланс_новый: -10645, старый баланс: 58000
[2025-09-16 18:55:44] Операция: Обновление баланса клиента в таблице users
id Клиента: 156555989, Баланс_новый: 542, старый баланс: 542
[2025-09-17 12:19:08] Операция: Обновление баланса клиента в таблице users
id Клиента: 156512735, Баланс_новый: 1050, старый баланс: -280
[2025-09-17 15:48:45] Операция: Обновление баланса клиента в таблице users
id Клиента: 642714, Баланс_новый: 1138, старый баланс: -1115
[2025-09-17 16:55:56] Операция: Обновление баланса клиента в таблице users
id Клиента: 156536110, Баланс_новый: 9920, старый баланс: 9920
[2025-09-17 18:34:51] Операция: Обновление баланса клиента в таблице users
id Клиента: 642714, Баланс_новый: 22, старый баланс: 1116
[2025-09-18 10:06:46] Операция: Обновление баланса клиента в таблице users
id Клиента: 156452367, Баланс_новый: 77440, старый баланс: -14400
[2025-09-18 10:07:26] Операция: Обновление баланса клиента в таблице users
id Клиента: 156452367, Баланс_новый: 87540, старый баланс: -10100
[2025-09-18 10:08:46] Операция: Обновление баланса клиента в таблице users
id Клиента: 156452367, Баланс_новый: 103140, старый баланс: -15600
[2025-09-18 15:17:57] Операция: Обновление баланса клиента в таблице users
id Клиента: 156702076, Баланс_новый: 11201, старый баланс: -790
[2025-09-18 17:33:31] Операция: Обновление баланса клиента в таблице users
id Клиента: 196761594, Баланс_новый: 0, старый баланс: 9250
[2025-09-19 09:18:13] Операция: Обновление баланса клиента в таблице users
id Клиента: 155073526, Баланс_новый: -2, старый баланс: 2100
[2025-09-19 09:39:43] Операция: Обновление баланса клиента в таблице users
id Клиента: 155333639, Баланс_новый: -54360, старый баланс: -2807
[2025-09-19 09:52:44] Операция: Обновление баланса клиента в таблице users
id Клиента: 157720446, Баланс_новый: 0, старый баланс: -5700
[2025-09-19 10:48:14] Операция: Обновление баланса клиента в таблице users
id Клиента: 482091, Баланс_новый: 1535, старый баланс: 6000
[2025-09-19 11:48:06] Операция: Обновление баланса клиента в таблице users
id Клиента: 10, Баланс_новый: -130994630, старый баланс: -590000
[2025-09-19 11:48:09] Операция: Обновление баланса клиента в таблице users
id Клиента: 4, Баланс_новый: -1042000, старый баланс: -300
[2025-09-19 14:04:22] Операция: Обновление баланса клиента в таблице users
id Клиента: 155106236, Баланс_новый: 2575, старый баланс: -2544
[2025-09-22 08:57:44] Операция: Обновление баланса клиента в таблице users
id Клиента: 6807925, Баланс_новый: -9, старый баланс: 7100
[2025-09-22 09:00:10] Операция: Обновление баланса клиента в таблице users
id Клиента: 9405759, Баланс_новый: -20504, старый баланс: 2800
[2025-09-22 09:00:15] Операция: Обновление баланса клиента в таблице users
id Клиента: 6596132, Баланс_новый: 73, старый баланс: 26000
[2025-09-22 09:00:19] Операция: Обновление баланса клиента в таблице users
id Клиента: 9072648, Баланс_новый: -23213, старый баланс: 37000
[2025-09-22 10:19:35] Операция: Обновление баланса клиента в таблице users
id Клиента: 155615874, Баланс_новый: 413, старый баланс: -6201
[2025-09-22 10:28:21] Операция: Обновление баланса клиента в таблице users
id Клиента: 156984934, Баланс_новый: 72, старый баланс: -3820
[2025-09-22 15:36:27] Операция: Обновление баланса клиента в таблице users
id Клиента: 157619564, Баланс_новый: 88800, старый баланс: 88800
[2025-09-22 15:41:08] Операция: Обновление баланса клиента в таблице users
id Клиента: 7596546, Баланс_новый: 57, старый баланс: -15379
[2025-09-23 10:02:09] Операция: Обновление баланса клиента в таблице users
id Клиента: 6968695, Баланс_новый: -24525, старый баланс: -19908
[2025-09-23 10:03:32] Операция: Обновление баланса клиента в таблице users
id Клиента: 155126210, Баланс_новый: -48143, старый баланс: -4621
[2025-09-23 10:14:48] Операция: Обновление баланса клиента в таблице users
id Клиента: 7716553, Баланс_новый: -72150, старый баланс: 7076
[2025-09-23 12:11:30] Операция: Обновление баланса клиента в таблице users
id Клиента: 8026315, Баланс_новый: -10057, старый баланс: -9945
[2025-09-23 13:34:48] Операция: Обновление баланса клиента в таблице users
id Клиента: 157139259, Баланс_новый: -8148, старый баланс: -31069
[2025-09-24 12:08:12] Операция: Обновление баланса клиента в таблице users
id Клиента: 157603230, Баланс_новый: 47120, старый баланс: 5890
[2025-09-24 12:08:16] Операция: Обновление баланса клиента в таблице users
id Клиента: 157603230, Баланс_новый: 41230, старый баланс: 5890
[2025-09-24 12:08:21] Операция: Обновление баланса клиента в таблице users
id Клиента: 157603230, Баланс_новый: 35340, старый баланс: 5890
[2025-09-24 12:08:25] Операция: Обновление баланса клиента в таблице users
id Клиента: 157603230, Баланс_новый: 29450, старый баланс: 5890
[2025-09-24 12:08:29] Операция: Обновление баланса клиента в таблице users
id Клиента: 157603230, Баланс_новый: 23560, старый баланс: 5890
[2025-09-24 12:08:32] Операция: Обновление баланса клиента в таблице users
id Клиента: 157603230, Баланс_новый: 17670, старый баланс: 5890
[2025-09-24 12:08:36] Операция: Обновление баланса клиента в таблице users
id Клиента: 157603230, Баланс_новый: 11780, старый баланс: 5890
[2025-09-24 12:08:40] Операция: Обновление баланса клиента в таблице users
id Клиента: 157603230, Баланс_новый: 5890, старый баланс: 5890
[2025-09-24 12:10:57] Операция: Обновление баланса клиента в таблице users
id Клиента: 155615874, Баланс_новый: -2291, старый баланс: -2152
[2025-09-24 12:11:23] Операция: Обновление баланса клиента в таблице users
id Клиента: 155615874, Баланс_новый: -139, старый баланс: -2152
[2025-09-24 13:16:43] Операция: Обновление баланса клиента в таблице users
id Клиента: 7716553, Баланс_новый: -32901, старый баланс: -1088
[2025-09-24 14:20:24] Операция: Обновление баланса клиента в таблице users
id Клиента: 14, Баланс_новый: 11500, старый баланс: 10004
[2025-09-24 14:25:36] Операция: Обновление баланса клиента в таблице users
id Клиента: 7816147, Баланс_новый: -33963, старый баланс: -1768
[2025-09-25 13:14:25] Операция: Обновление баланса клиента в таблице users
id Клиента: 7080722, Баланс_новый: 421, старый баланс: -4400
[2025-09-25 17:00:14] Операция: Обновление баланса клиента в таблице users
id Клиента: 7848942, Баланс_новый: -197568, старый баланс: 216
[2025-09-25 17:09:51] Операция: Обновление баланса клиента в таблице users
id Клиента: 156019649, Баланс_новый: -1332, старый баланс: 1086
[2025-09-26 11:16:08] Операция: Обновление баланса клиента в таблице users
id Клиента: 1, Баланс_новый: -5597550, старый баланс: -300
[2025-09-26 11:57:49] Операция: Обновление баланса клиента в таблице users
id Клиента: 156508050, Баланс_новый: 0, старый баланс: -59570
[2025-09-26 13:21:27] Операция: Обновление баланса клиента в таблице users
id Клиента: 7955977, Баланс_новый: -72789, старый баланс: -48602
[2025-09-26 13:24:10] Операция: Обновление баланса клиента в таблице users
id Клиента: 7955977, Баланс_новый: -72789, старый баланс: -5003
[2025-09-26 13:24:31] Операция: Обновление баланса клиента в таблице users
id Клиента: 6968861, Баланс_новый: -28875, старый баланс: -47584
[2025-09-26 14:57:17] Операция: Обновление баланса клиента в таблице users
id Клиента: 156455821, Баланс_новый: -1765, старый баланс: -50052
[2025-09-26 16:23:49] Операция: Обновление баланса клиента в таблице users
id Клиента: 156630061, Баланс_новый: 8660, старый баланс: 8660
[2025-09-27 13:49:13] Операция: Обновление баланса клиента в таблице users
id Клиента: 10200567, Баланс_новый: -1832, старый баланс: 54000
[2025-09-29 10:51:46] Операция: Обновление баланса клиента в таблице users
id Клиента: 7668271, Баланс_новый: 25990, старый баланс: 790
[2025-09-29 11:06:40] Операция: Обновление баланса клиента в таблице users
id Клиента: 8871237, Баланс_новый: 0, старый баланс: 7000
[2025-09-29 18:48:16] Операция: Обновление баланса клиента в таблице users
id Клиента: 156643505, Баланс_новый: 24400, старый баланс: 6100
[2025-09-29 18:48:20] Операция: Обновление баланса клиента в таблице users
id Клиента: 156643505, Баланс_новый: 18300, старый баланс: 6100
[2025-09-29 18:48:23] Операция: Обновление баланса клиента в таблице users
id Клиента: 156643505, Баланс_новый: 12200, старый баланс: 6100
[2025-09-29 18:48:27] Операция: Обновление баланса клиента в таблице users
id Клиента: 156643505, Баланс_новый: 6100, старый баланс: 6100
[2025-09-30 10:14:54] Операция: Обновление баланса клиента в таблице users
id Клиента: 6978013, Баланс_новый: -91993, старый баланс: -18051
[2025-09-30 10:41:02] Операция: Обновление баланса клиента в таблице users
id Клиента: 157422298, Баланс_новый: -10645, старый баланс: 6900
[2025-09-30 11:01:51] Операция: Обновление баланса клиента в таблице users
id Клиента: 6092316, Баланс_новый: 638, старый баланс: 307
[2025-09-30 11:02:02] Операция: Обновление баланса клиента в таблице users
id Клиента: 6092316, Баланс_новый: -215, старый баланс: 853
[2025-09-30 11:42:33] Операция: Обновление баланса клиента в таблице users
id Клиента: 10258589, Баланс_новый: 2141, старый баланс: -72010
[2025-09-30 13:27:24] Операция: Обновление баланса клиента в таблице users
id Клиента: 156862458, Баланс_новый: 0, старый баланс: -8500
[2025-09-30 15:00:49] Операция: Обновление баланса клиента в таблице users
id Клиента: 6184435, Баланс_новый: -239014, старый баланс: 30000
[2025-09-30 15:00:55] Операция: Обновление баланса клиента в таблице users
id Клиента: 156630061, Баланс_новый: 0, старый баланс: -3500
[2025-09-30 16:52:24] Операция: Обновление баланса клиента в таблице users
id Клиента: 6084664, Баланс_новый: 177, старый баланс: 1866
[2025-09-30 17:21:37] Операция: Обновление баланса клиента в таблице users
id Клиента: 6098301, Баланс_новый: -15787, старый баланс: 978
[2025-09-30 18:37:01] Операция: Обновление баланса клиента в таблице users
id Клиента: 156452367, Баланс_новый: 4700, старый баланс: 4700
[2025-10-01 09:21:50] Операция: Обновление баланса клиента в таблице users
id Клиента: 156511020, Баланс_новый: 15000, старый баланс: -15000
[2025-10-01 11:42:41] Операция: Обновление баланса клиента в таблице users
id Клиента: 156538683, Баланс_новый: 3450, старый баланс: 3450
[2025-10-01 17:15:20] Операция: Обновление баланса клиента в таблице users
id Клиента: 157543137, Баланс_новый: 6332, старый баланс: 6100
[2025-10-01 17:49:54] Операция: Обновление баланса клиента в таблице users
id Клиента: 157580114, Баланс_новый: 578, старый баланс: -1069
[2025-10-02 11:00:07] Операция: Обновление баланса клиента в таблице users
id Клиента: 156626155, Баланс_новый: 3000, старый баланс: 3000
[2025-10-02 11:00:15] Операция: Обновление баланса клиента в таблице users
id Клиента: 156626155, Баланс_новый: 0, старый баланс: 3000
[2025-10-02 16:07:53] Операция: Обновление баланса клиента в таблице users
id Клиента: 157795488, Баланс_новый: 3250, старый баланс: 3250
[2025-10-02 16:20:53] Операция: Обновление баланса клиента в таблице users
id Клиента: 8074314, Баланс_новый: 557, старый баланс: 168
[2025-10-03 11:36:25] Операция: Обновление баланса клиента в таблице users
id Клиента: 4, Баланс_новый: -1113767, старый баланс: 14767
[2025-10-03 12:18:35] Операция: Обновление баланса клиента в таблице users
id Клиента: 156531862, Баланс_новый: 0, старый баланс: 1282
[2025-10-03 16:14:56] Операция: Обновление баланса клиента в таблице users
id Клиента: 7816147, Баланс_новый: -37085, старый баланс: -13094
[2025-10-03 17:44:26] Операция: Обновление баланса клиента в таблице users
id Клиента: 6084664, Баланс_новый: -172, старый баланс: 200
[2025-10-04 09:54:45] Операция: Обновление баланса клиента в таблице users
id Клиента: 6484004, Баланс_новый: -17178, старый баланс: -14957
[2025-10-06 11:45:45] Операция: Обновление баланса клиента в таблице users
id Клиента: 6026564, Баланс_новый: -78473, старый баланс: -3218
[2025-10-06 14:29:42] Операция: Обновление баланса клиента в таблице users
id Клиента: 156647417, Баланс_новый: 93650, старый баланс: 33000
[2025-10-06 14:29:48] Операция: Обновление баланса клиента в таблице users
id Клиента: 156647417, Баланс_новый: 5450, старый баланс: 88200
[2025-10-06 14:29:52] Операция: Обновление баланса клиента в таблице users
id Клиента: 156647417, Баланс_новый: 0, старый баланс: 5450
[2025-10-06 14:32:24] Операция: Обновление баланса клиента в таблице users
id Клиента: 6616290, Баланс_новый: 6673, старый баланс: 2000
[2025-10-06 14:51:25] Операция: Обновление баланса клиента в таблице users
id Клиента: 1158353, Баланс_новый: 22685, старый баланс: -6293
[2025-10-06 15:50:32] Операция: Обновление баланса клиента в таблице users
id Клиента: 1701034, Баланс_новый: 11288, старый баланс: 17300
[2025-10-06 15:50:40] Операция: Обновление баланса клиента в таблице users
id Клиента: 1701034, Баланс_новый: 28588, старый баланс: -17300
[2025-10-06 17:58:00] Операция: Обновление баланса клиента в таблице users
id Клиента: 156512735, Баланс_новый: 1540, старый баланс: -1000
[2025-10-07 10:07:16] Операция: Обновление баланса клиента в таблице users
id Клиента: 6525416, Баланс_новый: -85069, старый баланс: -27774
[2025-10-07 10:07:21] Операция: Обновление баланса клиента в таблице users
id Клиента: 6525416, Баланс_новый: -57295, старый баланс: -27774
[2025-10-07 10:42:08] Операция: Обновление баланса клиента в таблице users
id Клиента: 157557789, Баланс_новый: 0, старый баланс: -2670
[2025-10-07 12:07:07] Операция: Обновление баланса клиента в таблице users
id Клиента: 156508050, Баланс_новый: 4850, старый баланс: 4850
[2025-10-07 17:54:16] Операция: Обновление баланса клиента в таблице users
id Клиента: 155294246, Баланс_новый: 127, старый баланс: 1000
[2025-10-08 09:57:24] Операция: Обновление баланса клиента в таблице users
id Клиента: 156733727, Баланс_новый: -5275, старый баланс: 5275
[2025-10-08 10:04:23] Операция: Обновление баланса клиента в таблице users
id Клиента: 156733727, Баланс_новый: -5185, старый баланс: 5185
[2025-10-08 10:04:30] Операция: Обновление баланса клиента в таблице users
id Клиента: 156733727, Баланс_новый: 0, старый баланс: -5185
[2025-10-08 11:02:28] Операция: Обновление баланса клиента в таблице users
id Клиента: 157425837, Баланс_новый: 0, старый баланс: -4946
[2025-10-08 16:39:20] Операция: Обновление баланса клиента в таблице users
id Клиента: 6780535, Баланс_новый: -3589, старый баланс: 3871
[2025-10-08 17:48:16] Операция: Обновление баланса клиента в таблице users
id Клиента: 8782303, Баланс_новый: 195, старый баланс: -34998
[2025-10-09 09:58:58] Операция: Обновление баланса клиента в таблице users
id Клиента: 6479494, Баланс_новый: -2108, старый баланс: 70000
[2025-10-09 15:41:01] Операция: Обновление баланса клиента в таблице users
id Клиента: 156591209, Баланс_новый: 0, старый баланс: 905
[2025-10-09 16:06:03] Операция: Обновление баланса клиента в таблице users
id Клиента: 156751998, Баланс_новый: 15, старый баланс: 12300
[2025-10-09 18:44:15] Операция: Обновление баланса клиента в таблице users
id Клиента: 156862553, Баланс_новый: -12220, старый баланс: -12220
[2025-10-09 18:44:20] Операция: Обновление баланса клиента в таблице users
id Клиента: 156862553, Баланс_новый: 0, старый баланс: -12220
[2025-10-10 09:42:05] Операция: Обновление баланса клиента в таблице users
id Клиента: 6978013, Баланс_новый: -73658, старый баланс: -6821
[2025-10-10 12:43:59] Операция: Обновление баланса клиента в таблице users
id Клиента: 196761594, Баланс_новый: 13960, старый баланс: 13960
[2025-10-10 16:12:21] Операция: Обновление баланса клиента в таблице users
id Клиента: 7911500, Баланс_новый: 5561, старый баланс: -3911
[2025-10-11 12:15:19] Операция: Обновление баланса клиента в таблице users
id Клиента: 14, Баланс_новый: 13500, старый баланс: 5000
[2025-10-11 12:57:00] Операция: Обновление баланса клиента в таблице users
id Клиента: 6210523, Баланс_новый: -43047, старый баланс: -417
[2025-10-11 13:04:28] Операция: Обновление баланса клиента в таблице users
id Клиента: 7717397, Баланс_новый: -44049, старый баланс: 13800
[2025-10-13 12:33:41] Операция: Обновление баланса клиента в таблице users
id Клиента: 6977874, Баланс_новый: -110532, старый баланс: -515
[2025-10-14 11:33:58] Операция: Обновление баланса клиента в таблице users
id Клиента: 6484292, Баланс_новый: -60312, старый баланс: -1454
[2025-10-14 17:30:35] Операция: Обновление баланса клиента в таблице users
id Клиента: 6906926, Баланс_новый: 422, старый баланс: 421
[2026-05-12 14:09:21] Операция: Обновление баланса клиента в таблице users
id Клиента: 2147483647, Баланс_новый: 0, старый баланс: 2000
[2026-05-12 14:18:53] Операция: Обновление баланса клиента в таблице users
id Клиента: 2147483647, Баланс_новый: 0, старый баланс: 2000
[2026-05-12 14:19:18] Операция: Обновление баланса клиента в таблице users
id Клиента: 2147483647, Баланс_новый: 0, старый баланс: 4000
[2026-05-12 14:20:24] Операция: Обновление баланса клиента в таблице users
id Клиента: 2147483647, Баланс_новый: 1000, старый баланс: -1000
[2026-05-12 15:34:05] Операция: Обновление баланса клиента в таблице users
id Клиента: 121, Баланс_новый: -1000, старый баланс: 2000
[2026-05-12 15:34:08] Операция: Обновление баланса клиента в таблице users
id Клиента: 121, Баланс_новый: 1000, старый баланс: -2000
[2026-05-12 15:34:11] Операция: Обновление баланса клиента в таблице users
id Клиента: 121, Баланс_новый: 0, старый баланс: 1000
